2025-10-22 19:48:12,765 - INFO - 🔑 YouTube API key provided: AIzaSyAtD1...
2025-10-22 19:48:12,769 - INFO - 📦 Created backup: data/videos_master.json.backup_20251022_194812
2025-10-22 19:48:12,771 - INFO - 🚀 Starting COMPLETE master list rebuild...
2025-10-22 19:48:12,772 - INFO - 📊 Found 42 existing videos to preserve data from
2025-10-22 19:48:12,773 - INFO - 🔑 Using YouTube Data API to get channel ID
2025-10-22 19:48:13,067 - INFO - ✅ Found channel ID via API: UCLXC98YXDDPoaVEQsWPg4ow
2025-10-22 19:48:13,069 - INFO - 🔑 Using YouTube Data API for complete video discovery
2025-10-22 19:48:13,077 - INFO - 🔑 Fetching ALL videos using YouTube Data API v3
2025-10-22 19:48:13,168 - INFO - 📺 Found uploads playlist: UULXC98YXDDPoaVEQsWPg4ow
2025-10-22 19:48:13,168 - INFO - 📄 Fetching page 1...
2025-10-22 19:48:13,437 - INFO - 📄 No more pages available
2025-10-22 19:48:13,440 - INFO - ✅ Successfully fetched 41 videos from YouTube Data API
2025-10-22 19:48:13,442 - INFO - 🔄 Preserving manual categorizations from old videos...
2025-10-22 19:48:13,442 - INFO - ✅ Preserved manual data for 0 videos
2025-10-22 19:48:13,448 - INFO - ✅ Successfully rebuilt master list with 41 videos
2025-10-22 19:48:13,448 - INFO - 🎉 Rebuild completed successfully!
2025-10-22 19:48:13,448 - INFO - 📊 Total videos: 41
2025-10-22 19:48:13,448 - INFO - 🔄 Preserved manual data: True
2025-10-22 19:48:13,448 - INFO - 📦 Backup available: data/videos_master.json.backup_20251022_194812
2025-10-23 01:33:03,802 - INFO - 🔑 YouTube API key provided: AIzaSyAtD1...
2025-10-23 01:33:03,803 - INFO - 📦 Created backup: data/videos_master.json.backup_20251023_013303
2025-10-23 01:33:03,803 - INFO - 🚀 Starting COMPLETE master list rebuild...
2025-10-23 01:33:03,803 - INFO - 📊 Found 41 existing videos to preserve data from
2025-10-23 01:33:03,803 - INFO - 🔑 Using YouTube Data API to get channel ID
2025-10-23 01:33:04,046 - INFO - ✅ Found channel ID via API: UCLXC98YXDDPoaVEQsWPg4ow
2025-10-23 01:33:04,048 - INFO - 🔑 Using YouTube Data API for complete video discovery
2025-10-23 01:33:04,048 - INFO - 🔑 Fetching ALL videos using YouTube Data API v3
2025-10-23 01:33:04,133 - INFO - 📺 Found uploads playlist: UULXC98YXDDPoaVEQsWPg4ow
2025-10-23 01:33:04,133 - INFO - 📄 Fetching page 1...
2025-10-23 01:33:04,307 - INFO - 📄 No more pages available
2025-10-23 01:33:04,307 - INFO - ✅ Successfully fetched 41 videos from YouTube Data API
2025-10-23 01:33:04,308 - INFO - 🔄 Preserving manual categorizations from old videos...
2025-10-23 01:33:04,308 - INFO - ✅ Preserved manual data for 0 videos
2025-10-23 01:33:04,309 - INFO - ✅ Successfully rebuilt master list with 41 videos
2025-10-23 01:33:04,309 - INFO - 🎉 Rebuild completed successfully!
2025-10-23 01:33:04,309 - INFO - 📊 Total videos: 41
2025-10-23 01:33:04,309 - INFO - 🔄 Preserved manual data: True
2025-10-23 01:33:04,309 - INFO - 📦 Backup available: data/videos_master.json.backup_20251023_013303
2026-10-03 19:15:58,955 - INFO - 🔑 YouTube API key provided: AIzaSyAtD1...
2026-10-03 19:15:58,959 - INFO - 📦 Created backup: data/videos_master.json.backup_20261003_191558
2026-10-03 19:15:58,959 - INFO - 🚀 Starting COMPLETE master list rebuild...
2026-10-03 19:15:58,961 - INFO - 📊 Found 203 existing videos to preserve data from
2026-10-03 19:15:58,961 - INFO - 🔑 Using YouTube Data API to get channel ID
2026-10-03 19:15:59,240 - INFO - ✅ Found channel ID via API: UCLXC98YXDDPoaVEQsWPg4ow
2026-10-03 19:15:59,240 - INFO - 🔑 Using YouTube Data API for complete video discovery
2026-10-03 19:15:59,241 - INFO - 🔑 Fetching ALL videos using YouTube Data API v3
2026-10-03 19:15:59,357 - INFO - 📺 Found uploads playlist: UULXC98YXDDPoaVEQsWPg4ow
2026-10-03 19:15:59,357 - INFO - 📄 Fetching page 1...
2026-10-03 19:15:59,777 - INFO - 📄 Found next page token: EAAaHlBUOkNESWlFRGRC...
2026-10-03 19:15:59,777 - INFO - 📄 Fetching page 2...
2026-10-03 19:16:00,036 - INFO - 📄 Found next page token: EAAaHlBUOkNHUWlFRVk0...
2026-10-03 19:16:00,036 - INFO - 📄 Fetching page 3...
2026-10-03 19:16:00,315 - INFO - 📄 Found next page token: EAAaH1BUOkNKWUJJaEF6...
2026-10-03 19:16:00,315 - INFO - 📄 Fetching page 4...
2026-10-03 19:16:00,603 - INFO - 📄 No more pages available
2026-10-03 19:16:00,603 - INFO - ✅ Successfully fetched 194 videos from YouTube Data API
2026-10-03 19:16:00,604 - INFO - 🔄 Preserving manual categorizations from old videos...
2026-10-03 19:16:00,604 - INFO - ✅ Preserved manual data for 0 videos
2026-10-03 19:16:00,607 - INFO - ✅ Successfully rebuilt master list with 194 videos
2026-10-03 19:16:00,607 - INFO - 🎉 Rebuild completed successfully!
2026-10-03 19:16:00,607 - INFO - 📊 Total videos: 194
2026-10-03 19:16:00,607 - INFO - 🔄 Preserved manual data: True
2026-10-03 19:16:00,607 - INFO - 📦 Backup available: data/videos_master.json.backup_20261003_191558
